// Jest Snapshot v1, https://goo.gl/fbAQLP

exports[`manager/terraform/hcl/index parseHCL() should return flat modules 1`] = `
Object {
  "module": Object {
    "bar": Array [
      Object {
        "source": "github.com/hashicorp/example?ref=next",
      },
    ],
    "consul": Array [
      Object {
        "source": "hashicorp/consul/aws",
        "version": "0.1.0",
      },
    ],
    "foo": Array [
      Object {
        "source": "github.com/hashicorp/example?ref=v1.0.0",
      },
    ],
    "repo-with-dot": Array [
      Object {
        "source": "github.com/hashicorp/example.2.3?ref=v1.0.0",
      },
    ],
    "repo-with-dot-and-git-suffix": Array [
      Object {
        "source": "github.com/hashicorp/example.2.3.git?ref=v1.0.0",
      },
    ],
    "repo-with-non-semver-ref": Array [
      Object {
        "source": "github.com/githubuser/myrepo//terraform/modules/moduleone?ref=tfmodule_one-v0.0.9",
      },
    ],
  },
}
`;

exports[`manager/terraform/hcl/index parseHCL() should return nested terraform block 1`] = `
Object {
  "terraform": Array [
    Object {
      "required_providers": Array [
        Object {
          "aws": Object {
            "source": "aws",
            "version": "~> 3.0",
          },
          "azurerm": Object {
            "version": "~> 2.50.0",
          },
          "kubernetes": Object {
            "source": "terraform.example.com/example/kubernetes",
            "version": ">= 1.0",
          },
        },
      ],
    },
  ],
}
`;

exports[`manager/terraform/hcl/index parseHCL() should return resource blocks 1`] = `
Object {
  "resource": Object {
    "docker_container": Object {
      "foo": Array [
        Object {
          "image": "nginx:1.7.8",
          "name": "foo",
        },
      ],
      "invalid": Array [
        Object {
          "name": "foo",
        },
      ],
    },
    "docker_service": Object {
      "foo": Array [
        Object {
          "endpoint_spec": Array [
            Object {
              "ports": Array [
                Object {
                  "target_port": "8080",
                },
              ],
            },
          ],
          "name": "foo-service",
          "task_spec": Array [
            Object {
              "container_spec": Array [
                Object {
                  "image": "repo.mycompany.com:8080/foo-service:v1",
                },
              ],
            },
          ],
        },
      ],
    },
  },
}
`;

exports[`manager/terraform/hcl/index parseJSON should parse json 1`] = `
Object {
  "resource": Object {
    "aws_instance": Object {
      "example": Object {
        "provisioner": Array [
          Object {
            "local-exec": Object {
              "command": "echo 'Hello World' >example.txt",
            },
          },
          Object {
            "file": Object {
              "destination": "/tmp/example.txt",
              "source": "example.txt",
            },
          },
          Object {
            "remote-exec": Object {
              "inline": Array [
                "sudo install-something -f /tmp/example.txt",
              ],
            },
          },
        ],
      },
    },
  },
}
`;
